2026-05-17 06:27:30,008 - __main__ - INFO - 🔍 BASE_DIR: /workspace
2026-05-17 06:27:30,009 - __main__ - INFO - 🔍 PYTHONPATH: ['/workspace', '/workspace', '/usr/local/lib/python312.zip']
2026-05-17 06:27:30,009 - __main__ - INFO - 🔍 PROJECT_ROOT: /workspace
2026-05-17 06:27:30,009 - __main__ - INFO - 🔍 Директория БД существует: True
2026-05-17 06:27:30,009 - __main__ - INFO - 🔍 Файл БД существует: True
2026-05-17 06:27:30,009 - __main__ - INFO - 🔍 Права на запись в директорию: True
2026-05-17 06:27:30,893 - backend.db.session - INFO - 🔍 DATABASE_URL: sqlite+aiosqlite:////workspace/data/app.db
2026-05-17 06:27:30,893 - backend.db.session - INFO - 🔍 is_sqlite: True
2026-05-17 06:27:30,893 - backend.db.session - INFO - 🔍 Извлечённый путь к БД: /workspace/data/app.db
2026-05-17 06:27:30,893 - backend.db.session - INFO - 🔍 Путь абсолютный: True
2026-05-17 06:27:30,893 - backend.db.session - INFO - 🔍 Директория БД: /workspace/data
2026-05-17 06:27:30,893 - backend.db.session - INFO - 🔍 Директория существует: True
2026-05-17 06:27:30,893 - backend.db.session - INFO - 🔍 Файл БД существует: True
2026-05-17 06:27:30,893 - backend.db.session - INFO - 🔍 Права на запись в директорию: True
2026-05-17 06:27:30,893 - backend.db.session - INFO - 🔍 Попытка создания директории: /workspace/data
2026-05-17 06:27:30,893 - backend.db.session - INFO - ✅ Директория создана/существует: /workspace/data
2026-05-17 06:27:30,893 - backend.db.session - INFO - ✅ Файл БД уже существует: /workspace/data/app.db
2026-05-17 06:27:30,893 - backend.db.session - INFO - 🔍 Файл БД теперь существует: True
2026-05-17 06:27:30,893 - backend.db.session - INFO - 🔍 Права на чтение файла: True
2026-05-17 06:27:30,893 - backend.db.session - INFO - 🔍 Права на запись в файл: True
2026-05-17 06:27:31,311 - backend.main - INFO - ✅ RedCheck integration router подключён
2026-05-17 06:27:31,451 - backend.main - INFO - ✅ Projects router подключён
2026-05-17 06:27:31,474 - __main__ - INFO - ============================================================
2026-05-17 06:27:31,474 - __main__ - INFO - 🚀 Starting Network Asset Manager...
2026-05-17 06:27:31,474 - __main__ - INFO - ============================================================
2026-05-17 06:27:31,474 - __main__ - INFO - Database: SQLite (/workspace/data/app.db)
2026-05-17 06:27:31,474 - __main__ - INFO - 
2026-05-17 06:27:31,474 - __main__ - INFO - 🌐 Доступные интерфейсы для подключения:
2026-05-17 06:27:31,474 - __main__ - INFO -    ➤ http://127.0.0.1:5000
2026-05-17 06:27:31,474 - __main__ - INFO - 
2026-05-17 06:27:31,474 - __main__ - INFO - 📚 API Documentation: http://127.0.0.1:5000/docs
2026-05-17 06:27:31,474 - __main__ - INFO - 🏠 Web Interface:     http://127.0.0.1:5000/
2026-05-17 06:27:31,474 - __main__ - INFO - ============================================================
INFO:     Started server process [3496]
INFO:     Waiting for application startup.
2026-05-17 06:27:31,569 - backend.main - INFO - ✅ База данных проверена и инициализирована.
2026-05-17 06:27:31,569 - backend.main - INFO - ✅ Таблица asset_change_logs создана/проверена.
2026-05-17 06:27:31,571 - backend.main - INFO - ✅ Подключение к базе данных установлено.
2026-05-17 06:27:31,571 - backend.main - INFO - 🚀 Приложение успешно запущено.
2026-05-17 06:27:31,571 - backend.services.scan_queue_manager - INFO - ScanQueueManager запущен
INFO:     Application startup complete.
INFO:     Uvicorn running on http://0.0.0.0:5000 (Press CTRL+C to quit)
